2025-02-11 22:23:08 | DEBUG | get_geoloc_from_zip_code                     :28    | Input 01801 is exactly 5 chars
2025-02-11 22:23:08 | DEBUG | get_request_with_auth_token                  :55    | GET -> http://api.openweathermap.org/geo/1.0/ + zip?zip=01801,US + &appid=f897a99d971b5eef57be6fafa0d83239
2025-02-11 22:23:08 | DEBUG | _new_conn                                    :241   | Starting new HTTP connection (1): api.openweathermap.org:80
2025-02-11 22:23:08 | DEBUG | _make_request                                :544   | http://api.openweathermap.org:80 "GET /geo/1.0/zip?zip=01801,US&appid=f897a99d971b5eef57be6fafa0d83239 HTTP/1.1" 200 75
2025-02-11 22:23:08 | DEBUG | get_request_with_auth_token                  :66    | Response received: name='Woburn' lat=42.4829 lon=-71.1574 country='US' zip='01801'
2025-02-11 22:23:08 | DEBUG | get_geoloc_from_state_and_city               :12    | Input Lincoln has more than 2 chars,IN is exactly 2 chars
2025-02-11 22:23:08 | DEBUG | get_request_with_auth_token                  :55    | GET -> http://api.openweathermap.org/geo/1.0/ + direct?q=Lincoln,IN,US + &appid=f897a99d971b5eef57be6fafa0d83239
2025-02-11 22:23:08 | DEBUG | _new_conn                                    :241   | Starting new HTTP connection (1): api.openweathermap.org:80
2025-02-11 22:23:09 | DEBUG | _make_request                                :544   | http://api.openweathermap.org:80 "GET /geo/1.0/direct?q=Lincoln,IN,US&appid=f897a99d971b5eef57be6fafa0d83239 HTTP/1.1" 200 88
2025-02-11 22:23:09 | DEBUG | get_request_with_auth_token                  :59    | Response received - len: 1
2025-02-11 22:23:09 | WARNING | get_geoloc_from_zip_code                     :31    | Input 000 is NOT 5 chars
2025-02-11 22:23:09 | WARNING | get_geoloc_from_zip_code                     :32    | Given input params cannot be used for api call, returning error dict
2025-02-11 22:23:09 | DEBUG | get_geoloc_from_state_and_city               :12    | Input Kovai has more than 2 chars,IN is exactly 2 chars
2025-02-11 22:23:09 | DEBUG | get_request_with_auth_token                  :55    | GET -> http://api.openweathermap.org/geo/1.0/ + direct?q=Kovai,IN,US + &appid=f897a99d971b5eef57be6fafa0d83239
2025-02-11 22:23:09 | DEBUG | _new_conn                                    :241   | Starting new HTTP connection (1): api.openweathermap.org:80
2025-02-11 22:23:09 | DEBUG | _make_request                                :544   | http://api.openweathermap.org:80 "GET /geo/1.0/direct?q=Kovai,IN,US&appid=f897a99d971b5eef57be6fafa0d83239 HTTP/1.1" 200 2
2025-02-11 22:23:09 | DEBUG | get_request_with_auth_token                  :59    | Response received - len: 0
2025-02-11 22:23:09 | WARNING | get_geoloc_from_state_and_city               :20    | Given input params to api, returned empty, returning error dict
2025-02-11 22:23:09 | DEBUG | get_geoloc_from_zip_code                     :28    | Input 11111 is exactly 5 chars
2025-02-11 22:23:09 | DEBUG | get_request_with_auth_token                  :55    | GET -> http://api.openweathermap.org/geo/1.0/ + zip?zip=11111,US + &appid=f897a99d971b5eef57be6fafa0d83239
2025-02-11 22:23:09 | DEBUG | _new_conn                                    :241   | Starting new HTTP connection (1): api.openweathermap.org:80
2025-02-11 22:23:09 | DEBUG | _make_request                                :544   | http://api.openweathermap.org:80 "GET /geo/1.0/zip?zip=11111,US&appid=f897a99d971b5eef57be6fafa0d83239 HTTP/1.1" 404 35
2025-02-11 22:23:09 | DEBUG | _make_request                                :44    | Content-Type is not application/json or response code is not 200
2025-02-11 22:23:09 | WARNING | get_geoloc_from_zip_code                     :36    | Given input params to api, returned empty, returning error dict
2025-02-11 22:23:09 | WARNING | get_geoloc_from_zip_code                     :31    | Input 13214654 is NOT 5 chars
2025-02-11 22:23:09 | WARNING | get_geoloc_from_zip_code                     :32    | Given input params cannot be used for api call, returning error dict
2025-02-11 22:23:09 | DEBUG | get_geoloc_from_state_and_city               :12    | Input adf has more than 2 chars,ad is exactly 2 chars
2025-02-11 22:23:09 | DEBUG | get_request_with_auth_token                  :55    | GET -> http://api.openweathermap.org/geo/1.0/ + direct?q=adf,ad,US + &appid=f897a99d971b5eef57be6fafa0d83239
2025-02-11 22:23:09 | DEBUG | _new_conn                                    :241   | Starting new HTTP connection (1): api.openweathermap.org:80
2025-02-11 22:23:09 | DEBUG | _make_request                                :544   | http://api.openweathermap.org:80 "GET /geo/1.0/direct?q=adf,ad,US&appid=f897a99d971b5eef57be6fafa0d83239 HTTP/1.1" 200 2
2025-02-11 22:23:09 | DEBUG | get_request_with_auth_token                  :59    | Response received - len: 0
2025-02-11 22:23:09 | WARNING | get_geoloc_from_state_and_city               :20    | Given input params to api, returned empty, returning error dict
2025-02-11 22:23:09 | DEBUG | get_geoloc_from_state_and_city               :15    | Input a has less than 2 chars,a is not equal 2 chars
2025-02-11 22:23:09 | WARNING | get_geoloc_from_state_and_city               :16    | Given input params cannot be used for api call, returning error dict
2025-02-11 22:23:09 | DEBUG | get_geoloc_from_state_and_city               :15    | Input  has less than 2 chars, is not equal 2 chars
2025-02-11 22:23:09 | WARNING | get_geoloc_from_state_and_city               :16    | Given input params cannot be used for api call, returning error dict
2025-02-11 22:23:09 | DEBUG | get_geoloc_from_state_and_city               :15    | Input  has less than 2 chars, is not equal 2 chars
2025-02-11 22:23:09 | WARNING | get_geoloc_from_state_and_city               :16    | Given input params cannot be used for api call, returning error dict
2025-02-11 22:23:09 | DEBUG | get_geoloc_from_state_and_city               :15    | Input  has less than 2 chars, is not equal 2 chars
2025-02-11 22:23:09 | WARNING | get_geoloc_from_state_and_city               :16    | Given input params cannot be used for api call, returning error dict
